HELP_PATH directory does not exist: /home/dan/GIT/GMAT/GMAT/application/docs/help/
Moderator is updating data files...
Moderator is creating core engine...
Successfully set Planetary Source to use: DE405
Successfully set Planetary Source to use: DE405
Successfully set Planetary Source to use: DE405
Setting nutation file to /home/dan/GIT/GMAT/GMAT/application/data/planetary_coeff/NUTATION.DAT
Setting leap seconds file to /home/dan/GIT/GMAT/GMAT/application/data/time/tai-utc.dat
2026-09-28 13:21:20 GMAT Moderator successfully created core engine
Successfully set Planetary Source to use: DE405
Successfully set Planetary Source to use: DE405
2026-09-28 13:21:20 GMAT GUI successfully launched.
Running mission...
Successfully set Planetary Source to use: DE405
Successfully set Planetary Source to use: DE405
Kernel /home/dan/GIT/GMAT/GMAT/application/data/planetary_ephem/spk/DE405AllPlanets.bsp has been loaded.
Kernel /home/dan/GIT/GMAT/GMAT/application/data/planetary_coeff/SPICEPlanetaryConstantsKernel.tpc has been loaded.
Kernel /home/dan/GIT/GMAT/GMAT/application/data/time/SPICELeapSecondKernel.tls has been loaded.
Kernel /home/dan/GIT/GMAT/GMAT/application/data/planetary_coeff/SPICEEarthPredictedKernel.bpc has been loaded.
Kernel /home/dan/GIT/GMAT/GMAT/application/data/planetary_coeff/SPICEEarthCurrentKernel.bpc has been loaded.
Kernel /home/dan/GIT/GMAT/GMAT/application/data/planetary_coeff/earth_latest_high_prec.bpc has been loaded.
Kernel /home/dan/GIT/GMAT/GMAT/application/data/planetary_coeff/SPICELunaCurrentKernel.bpc has been loaded.
Kernel /home/dan/GIT/GMAT/GMAT/application/data/planetary_coeff/SPICELunaFrameKernel.tf has been loaded.

(GroundTrackCloseRegression:3879192): Gtk-WARNING **: 13:21:21.419: Drawing a gadget with negative dimensions. Did you forget to allocate a size? (node header owner GtkNotebook)

(GroundTrackCloseRegression:3879192): Gtk-WARNING **: 13:21:21.419: Drawing a gadget with negative dimensions. Did you forget to allocate a size? (node tabs owner GtkNotebook)

(GroundTrackCloseRegression:3879192): Gtk-WARNING **: 13:21:21.419: Drawing a gadget with negative dimensions. Did you forget to allocate a size? (node arrow owner GtkNotebook)

(GroundTrackCloseRegression:3879192): Gtk-WARNING **: 13:21:21.431: Drawing a gadget with negative dimensions. Did you forget to allocate a size? (node arrow owner GtkNotebook)

(GroundTrackCloseRegression:3879192): Gtk-WARNING **: 13:21:21.440: Drawing a gadget with negative dimensions. Did you forget to allocate a size? (node tab owner GtkNotebook)

Mission run completed.
===> Total Run Time: 0.307 seconds

========================================
PASS: default mission completes
PASS: GroundTrack window exists
PASS: direct close removes GroundTrack window safely
Running mission...
Successfully set Planetary Source to use: DE405
Successfully set Planetary Source to use: DE405
Kernel /home/dan/GIT/GMAT/GMAT/application/data/planetary_ephem/spk/DE405AllPlanets.bsp has been loaded.
Kernel /home/dan/GIT/GMAT/GMAT/application/data/planetary_coeff/SPICEPlanetaryConstantsKernel.tpc has been loaded.
Kernel /home/dan/GIT/GMAT/GMAT/application/data/time/SPICELeapSecondKernel.tls has been loaded.
Kernel /home/dan/GIT/GMAT/GMAT/application/data/planetary_coeff/SPICEEarthPredictedKernel.bpc has been loaded.
Kernel /home/dan/GIT/GMAT/GMAT/application/data/planetary_coeff/SPICEEarthCurrentKernel.bpc has been loaded.
Kernel /home/dan/GIT/GMAT/GMAT/application/data/planetary_coeff/earth_latest_high_prec.bpc has been loaded.
Kernel /home/dan/GIT/GMAT/GMAT/application/data/planetary_coeff/SPICELunaCurrentKernel.bpc has been loaded.
Kernel /home/dan/GIT/GMAT/GMAT/application/data/planetary_coeff/SPICELunaFrameKernel.tf has been loaded.

Mission run completed.
===> Total Run Time: 0.160 seconds

========================================
PASS: mission recreates GroundTrack after direct close
Moderator is deleting core engine...
2026-09-28 13:21:22 GMAT GUI exiting.
