HELP_PATH directory does not exist: /home/dan/GIT/GMAT/GMAT/application/docs/help/
Moderator is updating data files...
Moderator is creating core engine...
Successfully set Planetary Source to use: DE405
Successfully set Planetary Source to use: DE405
Successfully set Planetary Source to use: DE405
Setting nutation file to /home/dan/GIT/GMAT/GMAT/application/data/planetary_coeff/NUTATION.DAT
Setting leap seconds file to /home/dan/GIT/GMAT/GMAT/application/data/time/tai-utc.dat
2026-09-28 12:37:33 GMAT Moderator successfully created core engine
Successfully set Planetary Source to use: DE405
Successfully set Planetary Source to use: DE405
The OrbitView "DefaultOrbitView" has been converted to an OpenFramesInterface object by the libOVtoOFI plugin.
2026-09-28 12:37:33 GMAT GUI successfully launched.

Interpreting scripts from the file.
***** file: /home/dan/GIT/GMAT/GMAT/build/linux-gui/linux-gui-tests/openframes-fixed-scales/workflow script.script
Successfully set Planetary Source to use: DE405
Successfully set Planetary Source to use: DE405
The OrbitView "BuildTestView" has been converted to an OpenFramesInterface object by the libOVtoOFI plugin.
Successfully interpreted the script
PASS: build script from a path containing spaces
PASS: open script editor through real MDI child
PASS: editing marks the actual script tab dirty
DIALOG: 
PASS: cancel Save As preserves unsaved edits
MESSAGE: There were changes made to "/home/dan/GIT/GMAT/GMAT/build/linux-gui/linux-gui-tests/openframes-fixed-scales/workflow script.script" panel which will be lost on Close. 
Do you want to close anyway?
DIALOG: Please Confirm Close
PASS: decline unsaved close keeps the tab open
PASS: ordinary Save clears actual child dirty state
PASS: saved script includes the edit
PASS: saved editor closes without losing changes
Running mission...
Successfully set Planetary Source to use: DE405
Successfully set Planetary Source to use: DE405
Kernel /home/dan/GIT/GMAT/GMAT/application/data/planetary_ephem/spk/DE405AllPlanets.bsp has been loaded.
Kernel /home/dan/GIT/GMAT/GMAT/application/data/planetary_coeff/SPICEPlanetaryConstantsKernel.tpc has been loaded.
Kernel /home/dan/GIT/GMAT/GMAT/application/data/time/SPICELeapSecondKernel.tls has been loaded.
Kernel /home/dan/GIT/GMAT/GMAT/application/data/planetary_coeff/SPICEEarthPredictedKernel.bpc has been loaded.
Kernel /home/dan/GIT/GMAT/GMAT/application/data/planetary_coeff/SPICEEarthCurrentKernel.bpc has been loaded.
Kernel /home/dan/GIT/GMAT/GMAT/application/data/planetary_coeff/earth_latest_high_prec.bpc has been loaded.
Kernel /home/dan/GIT/GMAT/GMAT/application/data/planetary_coeff/SPICELunaCurrentKernel.bpc has been loaded.
Kernel /home/dan/GIT/GMAT/GMAT/application/data/planetary_coeff/SPICELunaFrameKernel.tf has been loaded.
OpenFrames renderer: llvmpipe (LLVM 21.1.8, 256 bits), version: 4.5 (Compatibility Profile) Mesa 26.0.8-1ubuntu0.3
OpenFrames plotting 5068 stars in magnitude range [-1.44,6.00], and pixel size range [1.00,9.08]
Error reading file GFOIL1.JPG: file not found
Warning: Cannot create texture GFOIL1.JPG
Using default potential file "/home/dan/GIT/GMAT/GMAT/application/data/gravity/earth/JGM2.cof" for GravityField object "GravityField.Earth"

Mission run completed.
===> Total Run Time: 0.367 seconds

========================================
PASS: run mission with native/converted orbit, ground track and XY output
PASS: XY plot contains a curve
PASS: XY plot exports a decodable image
WindowEventHandler::handle WARNING: OpenGL context was not properly updated during RESIZE event. Rendering artifacts may occur.
WindowEventHandler::handle WARNING: OpenGL context was not properly updated during RESIZE event. Rendering artifacts may occur.
WindowEventHandler::handle WARNING: OpenGL context was not properly updated during RESIZE event. Rendering artifacts may occur.
WindowEventHandler::handle WARNING: OpenGL context was not properly updated during RESIZE event. Rendering artifacts may occur.
WindowEventHandler::handle WARNING: OpenGL context was not properly updated during RESIZE event. Rendering artifacts may occur.
WindowEventHandler::handle WARNING: OpenGL context was not properly updated during RESIZE event. Rendering artifacts may occur.
WindowEventHandler::handle WARNING: OpenGL context was not properly updated during RESIZE event. Rendering artifacts may occur.
WindowEventHandler::handle WARNING: OpenGL context was not properly updated during RESIZE event. Rendering artifacts may occur.
WindowEventHandler::handle WARNING: OpenGL context was not properly updated during RESIZE event. Rendering artifacts may occur.
WindowEventHandler::handle WARNING: OpenGL context was not properly updated during RESIZE event. Rendering artifacts may occur.
WindowEventHandler::handle WARNING: OpenGL context was not properly updated during RESIZE event. Rendering artifacts may occur.
WindowEventHandler::handle WARNING: OpenGL context was not properly updated during RESIZE event. Rendering artifacts may occur.
Running mission...
Successfully set Planetary Source to use: DE405
Successfully set Planetary Source to use: DE405
Kernel /home/dan/GIT/GMAT/GMAT/application/data/planetary_ephem/spk/DE405AllPlanets.bsp has been loaded.
Kernel /home/dan/GIT/GMAT/GMAT/application/data/planetary_coeff/SPICEPlanetaryConstantsKernel.tpc has been loaded.
Kernel /home/dan/GIT/GMAT/GMAT/application/data/time/SPICELeapSecondKernel.tls has been loaded.
Kernel /home/dan/GIT/GMAT/GMAT/application/data/planetary_coeff/SPICEEarthPredictedKernel.bpc has been loaded.
Kernel /home/dan/GIT/GMAT/GMAT/application/data/planetary_coeff/SPICEEarthCurrentKernel.bpc has been loaded.
Kernel /home/dan/GIT/GMAT/GMAT/application/data/planetary_coeff/earth_latest_high_prec.bpc has been loaded.
Kernel /home/dan/GIT/GMAT/GMAT/application/data/planetary_coeff/SPICELunaCurrentKernel.bpc has been loaded.
Kernel /home/dan/GIT/GMAT/GMAT/application/data/planetary_coeff/SPICELunaFrameKernel.tf has been loaded.
WindowEventHandler::handle WARNING: OpenGL context was not properly updated during RESIZE event. Rendering artifacts may occur.

Mission run completed.
===> Total Run Time: 0.158 seconds

========================================
PASS: mission reruns with existing plots
PASS: close all plot tabs after repeated execution

Interpreting scripts from the file.
***** file: /home/dan/GIT/GMAT/GMAT/build/linux-gui/linux-gui-tests/openframes-fixed-scales/workflow script.script
Successfully set Planetary Source to use: DE405
Successfully set Planetary Source to use: DE405
The OrbitView "BuildTestView" has been converted to an OpenFramesInterface object by the libOVtoOFI plugin.
Successfully interpreted the script
PASS: rebuild after closing plots
Running mission...
Successfully set Planetary Source to use: DE405
Successfully set Planetary Source to use: DE405
Kernel /home/dan/GIT/GMAT/GMAT/application/data/planetary_ephem/spk/DE405AllPlanets.bsp has been loaded.
Kernel /home/dan/GIT/GMAT/GMAT/application/data/planetary_coeff/SPICEPlanetaryConstantsKernel.tpc has been loaded.
Kernel /home/dan/GIT/GMAT/GMAT/application/data/time/SPICELeapSecondKernel.tls has been loaded.
Kernel /home/dan/GIT/GMAT/GMAT/application/data/planetary_coeff/SPICEEarthPredictedKernel.bpc has been loaded.
Kernel /home/dan/GIT/GMAT/GMAT/application/data/planetary_coeff/SPICEEarthCurrentKernel.bpc has been loaded.
Kernel /home/dan/GIT/GMAT/GMAT/application/data/planetary_coeff/earth_latest_high_prec.bpc has been loaded.
Kernel /home/dan/GIT/GMAT/GMAT/application/data/planetary_coeff/SPICELunaCurrentKernel.bpc has been loaded.
Kernel /home/dan/GIT/GMAT/GMAT/application/data/planetary_coeff/SPICELunaFrameKernel.tf has been loaded.
OpenFrames renderer: llvmpipe (LLVM 21.1.8, 256 bits), version: 4.5 (Compatibility Profile) Mesa 26.0.8-1ubuntu0.3
OpenFrames plotting 5068 stars in magnitude range [-1.44,6.00], and pixel size range [1.00,9.08]
Error reading file GFOIL1.JPG: file not found
Warning: Cannot create texture GFOIL1.JPG

Mission run completed.
===> Total Run Time: 0.307 seconds

========================================

(WorkflowAudit:3583679): Gtk-WARNING **: 12:37:36.021: Drawing a gadget with negative dimensions. Did you forget to allocate a size? (node tab owner GtkNotebook)
PASS: plots recreate and mission completes after close/rebuild
PASS: close recreated plot windows

Interpreting scripts from the file.
***** file: /home/dan/GIT/GMAT/GMAT/build/linux-gui/linux-gui-tests/openframes-fixed-scales/long.script
Successfully set Planetary Source to use: DE405
Successfully set Planetary Source to use: DE405
The OrbitView "BuildTestView" has been converted to an OpenFramesInterface object by the libOVtoOFI plugin.
Successfully interpreted the script
PASS: build long-running mission for Stop check
Running mission...
Successfully set Planetary Source to use: DE405
Successfully set Planetary Source to use: DE405
Kernel /home/dan/GIT/GMAT/GMAT/application/data/planetary_ephem/spk/DE405AllPlanets.bsp has been loaded.
Kernel /home/dan/GIT/GMAT/GMAT/application/data/planetary_coeff/SPICEPlanetaryConstantsKernel.tpc has been loaded.
Kernel /home/dan/GIT/GMAT/GMAT/application/data/time/SPICELeapSecondKernel.tls has been loaded.
Kernel /home/dan/GIT/GMAT/GMAT/application/data/planetary_coeff/SPICEEarthPredictedKernel.bpc has been loaded.
Kernel /home/dan/GIT/GMAT/GMAT/application/data/planetary_coeff/SPICEEarthCurrentKernel.bpc has been loaded.
Kernel /home/dan/GIT/GMAT/GMAT/application/data/planetary_coeff/earth_latest_high_prec.bpc has been loaded.
Kernel /home/dan/GIT/GMAT/GMAT/application/data/planetary_coeff/SPICELunaCurrentKernel.bpc has been loaded.
Kernel /home/dan/GIT/GMAT/GMAT/application/data/planetary_coeff/SPICELunaFrameKernel.tf has been loaded.
OpenFrames renderer: llvmpipe (LLVM 21.1.8, 256 bits), version: 4.5 (Compatibility Profile) Mesa 26.0.8-1ubuntu0.3
OpenFrames plotting 5068 stars in magnitude range [-1.44,6.00], and pixel size range [1.00,9.08]
Error reading file GFOIL1.JPG: file not found
Warning: Cannot create texture GFOIL1.JPG
WindowEventHandler::handle WARNING: OpenGL context was not properly updated during RESIZE event. Rendering artifacts may occur.
WindowEventHandler::handle WARNING: OpenGL context was not properly updated during RESIZE event. Rendering artifacts may occur.
WindowEventHandler::handle WARNING: OpenGL context was not properly updated during RESIZE event. Rendering artifacts may occur.
WindowEventHandler::handle WARNING: OpenGL context was not properly updated during RESIZE event. Rendering artifacts may occur.
GMAT execution stopped by user.

 *** Mission run interrupted.
===> Total Run Time: 0.612 seconds

========================================
STOP RESULT: -4
PASS: Stop interrupts mission and returns GUI to idle

Interpreting scripts from the file.
***** file: /home/dan/GIT/GMAT/GMAT/build/linux-gui/linux-gui-tests/openframes-fixed-scales/workflow script.script
Successfully set Planetary Source to use: DE405
Successfully set Planetary Source to use: DE405
The OrbitView "BuildTestView" has been converted to an OpenFramesInterface object by the libOVtoOFI plugin.
Successfully interpreted the script
PASS: switch from stopped mission to original script
12:37:37: Debug: window wxComboBox@0x590ad00598f0 ("comboBox") lost focus even though it didn't have it
12:37:37: Debug: window wxComboBox@0x590ad00598f0 ("comboBox") lost focus even though it didn't have it
12:37:37: Debug: window wxButton@0x590ad186d7b0 ("->") lost focus even though it didn't have it
12:37:37: Debug: window wxButton@0x590ad186d7b0 ("->") lost focus even though it didn't have it
PASS: resource properties panel opens
PASS: locate spacecraft mass input
The value of "invalid mass" for field "Dry Mass" on object "BuildTestSat" is not an allowed value. 
The allowed values are: [Real Number >= 0.0].
MESSAGE: The value of "invalid mass" for field "Dry Mass" on object "BuildTestSat" is not an allowed value. 
The allowed values are: [Real Number >= 0.0].

DIALOG: GMAT Error
PASS: invalid mass shows feedback and leaves model unchanged
PASS: unchanged properties panel closes
PASS: resource properties panel opens
PASS: unchanged properties panel closes
PASS: resource properties panel opens
PASS: unchanged properties panel closes
PASS: resource properties panel opens
PASS: unchanged properties panel closes
12:37:37: Debug: window wxComboBox@0x590ad1850730 ("comboBox") lost focus even though it didn't have it
12:37:37: Debug: window wxComboBox@0x590ad1850730 ("comboBox") lost focus even though it didn't have it
12:37:37: Debug: window wxButton@0x590ad17ed100 ("->") lost focus even though it didn't have it
12:37:37: Debug: window wxButton@0x590ad17ed100 ("->") lost focus even though it didn't have it
PASS: resource properties panel opens
PASS: unchanged properties panel closes
PASS: resource properties panel opens
PASS: unchanged properties panel closes
PASS: resource properties panel opens
PASS: unchanged properties panel closes
PASS: resource properties panel opens
PASS: unchanged properties panel closes
PASS: new-script action creates an editor
PASS: unmodified new script closes
Running mission...
Successfully set Planetary Source to use: DE405
Successfully set Planetary Source to use: DE405
Kernel /home/dan/GIT/GMAT/GMAT/application/data/planetary_ephem/spk/DE405AllPlanets.bsp has been loaded.
Kernel /home/dan/GIT/GMAT/GMAT/application/data/planetary_coeff/SPICEPlanetaryConstantsKernel.tpc has been loaded.
Kernel /home/dan/GIT/GMAT/GMAT/application/data/time/SPICELeapSecondKernel.tls has been loaded.
Kernel /home/dan/GIT/GMAT/GMAT/application/data/planetary_coeff/SPICEEarthPredictedKernel.bpc has been loaded.
Kernel /home/dan/GIT/GMAT/GMAT/application/data/planetary_coeff/SPICEEarthCurrentKernel.bpc has been loaded.
Kernel /home/dan/GIT/GMAT/GMAT/application/data/planetary_coeff/earth_latest_high_prec.bpc has been loaded.
Kernel /home/dan/GIT/GMAT/GMAT/application/data/planetary_coeff/SPICELunaCurrentKernel.bpc has been loaded.
Kernel /home/dan/GIT/GMAT/GMAT/application/data/planetary_coeff/SPICELunaFrameKernel.tf has been loaded.
OpenFrames renderer: llvmpipe (LLVM 21.1.8, 256 bits), version: 4.5 (Compatibility Profile) Mesa 26.0.8-1ubuntu0.3
OpenFrames plotting 5068 stars in magnitude range [-1.44,6.00], and pixel size range [1.00,9.08]
Error reading file GFOIL1.JPG: file not found
Warning: Cannot create texture GFOIL1.JPG

Mission run completed.
===> Total Run Time: 0.326 seconds

========================================
PASS: mission runs successfully after Stop and panel lifecycle checks
Moderator is deleting core engine...
2026-09-28 12:37:38 GMAT GUI exiting.
