RUN gui_followup
RESULT gui_followup 0
RUN gui_followup_more
RESULT gui_followup_more 0
RUN groundtrack_state
RESULT groundtrack_state 0
RUN groundtrack_close
RESULT groundtrack_close 0
RUN groundtrack_animation
RESULT groundtrack_animation 0
RUN native_animation
RESULT native_animation 0
RUN resource_delete
RESULT resource_delete 0
RUN openframes_time
RESULT openframes_time 0
RUN openframes_behavior
RESULT openframes_behavior 0
RUN aura_model
RESULT aura_model 0
RUN texture_upload
RESULT texture_upload 0
