{"script": "application/samples/Ex_AnalyticMassProperties.script", "status": "completed", "seconds": 1.29}
{"script": "application/samples/Ex_Attitude_Inertial.script", "status": "completed", "seconds": 3.99}
{"script": "application/samples/Ex_Attitude_NadirPointing.script", "status": "completed", "seconds": 4.29}
{"script": "application/samples/Ex_Attitude_ModifiedRodriguesParameters.script", "status": "completed", "seconds": 11.35}
{"script": "application/samples/Ex_Attitude_Spinner.script", "status": "completed", "seconds": 4.48}
{"script": "application/samples/Ex_Attitude_VNB.script", "status": "completed", "seconds": 4.58}
{"script": "application/samples/Ex_Basic3DModel.script", "status": "completed", "seconds": 6.19}
{"script": "application/samples/Ex_CSSISpaceWeatherFile.script", "status": "completed", "seconds": 1.39}
{"script": "application/samples/Ex_CCSDSAEMAttitude.script", "status": "completed", "seconds": 3.44}
{"script": "application/samples/Ex_ConstellationScript.script", "status": "completed", "seconds": 6.39}
{"script": "application/samples/Ex_CommandEcho_GEOTransfer.script", "status": "completed", "seconds": 11.75}
{"script": "application/samples/Ex_Contact_Location_Station_Mask.script", "status": "completed", "seconds": 7.3}
{"script": "application/samples/Ex_ControlFlow.script", "status": "completed", "seconds": 3.63}
{"script": "application/samples/Ex_CustomSegmentColors.script", "status": "completed", "seconds": 4.94}
{"script": "application/samples/Ex_DoubleLunarSwingby.script", "status": "completed", "seconds": 15.18}
{"script": "application/samples/Ex_EOPFileLocationFromScript.script", "status": "completed", "seconds": 9.97}
{"script": "application/samples/Ex_DynamicDisplay_QuaternionPropagation.script", "status": "completed", "seconds": 25.01}
{"script": "application/samples/Ex_EclipseLocation.script", "status": "completed", "seconds": 13.11}
{"script": "application/samples/Ex_ExternalForceModel.script", "status": "mission_failed", "seconds": 2.09}
{"script": "application/samples/Ex_ExternalForceModel_NoAPI.script", "status": "completed", "seconds": 2.45}
{"script": "application/samples/Ex_ElectricPropulsion.script", "status": "completed", "seconds": 17.22}
{"script": "application/samples/Ex_FileInterface.script", "status": "completed", "seconds": 6.76}
{"script": "application/samples/Ex_FiniteBurn.script", "status": "completed", "seconds": 10.43}
{"script": "application/samples/Ex_FiniteBurnParameters.script", "status": "completed", "seconds": 6.78}
{"script": "application/samples/Ex_ForceModel_ExtraShadowBodies.script", "status": "completed", "seconds": 8.04}
{"script": "application/samples/Ex_ForceModels.script", "status": "completed", "seconds": 11.04}
{"script": "application/samples/Ex_GMATFunction_Math.script", "status": "completed", "seconds": 1.89}
{"script": "application/samples/Ex_GEOTransfer.script", "status": "completed", "seconds": 14.3}
{"script": "application/samples/Ex_GMATFunction_TargetInsideFunction.script", "status": "completed", "seconds": 23.5}
{"script": "application/samples/Ex_GMATFunction_UsingGlobalObjects.script", "status": "completed", "seconds": 26.99}
{"script": "application/samples/Ex_HighFidelitySRP.script", "status": "completed", "seconds": 1.33}
{"script": "application/samples/Ex_HohmannTransfer.script", "status": "completed", "seconds": 5.5}
{"script": "application/samples/Ex_IOD.script", "status": "completed", "seconds": 3.06}
{"script": "application/samples/Ex_ImprovedTargeterAlgorithms.script", "status": "completed", "seconds": 10.77}
{"script": "application/samples/Ex_GivenEpochGoToTheMoon.script", "status": "completed", "seconds": 36.49}
{"script": "application/samples/Ex_IncludeMacro.script", "status": "completed", "seconds": 7.12}
{"script": "application/samples/Ex_IntrusionLocator_Mercury_Sun_Transit.script", "status": "completed", "seconds": 3.44}
{"script": "application/samples/Ex_Integrators.script", "status": "completed", "seconds": 8.77}
{"script": "application/samples/Ex_L2Design.script", "status": "completed", "seconds": 25.59}
{"script": "application/samples/Ex_LCROSSTrajectory.script", "status": "completed", "seconds": 27.96}
{"script": "application/samples/Ex_LibrationPointStationKeeping_ESM.script", "status": "completed", "seconds": 12.56}
{"script": "application/samples/Ex_LEOStationKeeping.script", "status": "completed", "seconds": 20.2}
{"script": "application/samples/Ex_LunarTransfer.script", "status": "completed", "seconds": 12.36}
{"script": "application/samples/Ex_MMSSingleLunarSwingby.script", "status": "completed", "seconds": 10.11}
{"script": "application/samples/Ex_MarsBPlane.script", "status": "completed", "seconds": 48.3}
{"script": "application/samples/Ex_MarsExponentialAtmosphere.script", "status": "completed", "seconds": 7.45}
{"script": "application/samples/Ex_MarsGRAM2005.script", "status": "build_failed", "seconds": 0.83}
{"script": "application/samples/Ex_MarsOrbit.script", "status": "completed", "seconds": 4.54}
{"script": "application/samples/Ex_MathInScript.script", "status": "completed", "seconds": 5.19}
{"script": "application/samples/Ex_MultibodySphericalHarmonicGravity.script", "status": "completed", "seconds": 23.78}
{"script": "application/samples/Ex_NadirPointingAttitude.script", "status": "completed", "seconds": 3.93}
{"script": "application/samples/Ex_NewFunctions_GetEphemStates.script", "status": "completed", "seconds": 1.33}
{"script": "application/samples/Ex_NewMathFunctions.script", "status": "completed", "seconds": 1.28}
{"script": "application/samples/Ex_NewOrbitStateReps.script", "status": "completed", "seconds": 1.33}
{"script": "application/samples/Ex_NewStringFunctions.script", "status": "completed", "seconds": 1.33}
{"script": "application/samples/Ex_OEMPropagation.script", "status": "completed", "seconds": 9.01}
{"script": "application/samples/Ex_PlanetographicRegion.script", "status": "completed", "seconds": 2.45}
{"script": "application/samples/Ex_PrecessingSpinnerAttitude.script", "status": "completed", "seconds": 6.51}
{"script": "application/samples/Ex_Propagate_Covariance.script", "status": "completed", "seconds": 3.19}
{"script": "application/samples/Ex_Propagate_ThrustHistoryFile.script", "status": "completed", "seconds": 2.4}
{"script": "application/samples/Ex_PythonInterface.script", "status": "completed", "seconds": 2.0}
{"script": "application/samples/Ex_SPICECoordinateAxes.script", "status": "completed", "seconds": 2.24}
{"script": "application/samples/Ex_SPICEOrbitAndAttitudePropagation.script", "status": "completed", "seconds": 9.96}
{"script": "application/samples/Ex_STKEphemOutput.script", "status": "completed", "seconds": 2.04}
{"script": "application/samples/Ex_STKEphemPropagation.script", "status": "completed", "seconds": 6.75}
{"script": "application/samples/Ex_LunarOrbitStationKeeping.script", "status": "completed", "seconds": 172.57}
{"script": "application/samples/Ex_SchattenFile_NominalCycle_Mean.script", "status": "completed", "seconds": 2.0}
{"script": "application/samples/Ex_SolverConvergenceParameters.script", "status": "completed", "seconds": 4.74}
{"script": "application/samples/Ex_StationContactLocator.script", "status": "completed", "seconds": 6.14}
{"script": "application/samples/Ex_TLE_Propagation.script", "status": "completed", "seconds": 1.28}
{"script": "application/samples/Ex_SafetyEllipse.script", "status": "completed", "seconds": 15.92}
{"script": "application/samples/Ex_TargetFiniteBurn_CenterPeriapsisDuration.script", "status": "completed", "seconds": 7.59}
{"script": "application/samples/Ex_TargetFiniteBurn_CenterPeriapsisTA.script", "status": "completed", "seconds": 7.99}
{"script": "application/samples/Ex_ThrusterWithMultipleTanks.script", "status": "completed", "seconds": 3.54}
{"script": "application/samples/Ex_WriteCommand.script", "status": "completed", "seconds": 1.23}
{"script": "application/samples/Ex_Yukon_AlgebraicOptimization.script", "status": "completed", "seconds": 2.08}
{"script": "application/samples/Ex_TargetStatusWindow.script", "status": "completed", "seconds": 9.45}
{"script": "application/samples/Navigation/Ex_CompareEphemeris.script", "status": "completed", "seconds": 3.68}
{"script": "application/samples/Navigation/Ex_Estimate_AngleData.script", "status": "completed", "seconds": 12.95}
{"script": "application/samples/Navigation/Ex_Estimate_BRTSTracking.script", "status": "completed", "seconds": 35.98}
{"script": "application/samples/Navigation/Ex_Estimate_NPlateSRP_AreaCoefficient.script", "status": "completed", "seconds": 117.59}
{"script": "application/samples/Navigation/Ex_Estimate_RangeRangeRate.script", "status": "completed", "seconds": 48.5}
{"script": "application/samples/Navigation/Ex_Estimate_RangeSkin.script", "status": "completed", "seconds": 13.27}
{"script": "application/samples/Ex_Yukon_MarsLaunchWindowAnalysis.script", "status": "completed", "seconds": 247.98}
{"script": "application/samples/Navigation/Ex_Estimate_SPADSRPScaleFactor.script", "status": "completed", "seconds": 30.95}
{"script": "application/samples/Navigation/Ex_Estimate_SPADDragScaleFactor.script", "status": "completed", "seconds": 157.68}
{"script": "application/samples/Navigation/Ex_Estimate_TDRSAndUser.script", "status": "completed", "seconds": 156.89}
{"script": "application/samples/Navigation/Ex_Estimate_TDRSOneWayReturnDoppler.script", "status": "completed", "seconds": 60.32}
{"script": "application/samples/Navigation/Ex_Estimate_ThrustAngles.script", "status": "completed", "seconds": 8.6}
{"script": "application/samples/Navigation/Ex_Estimate_ThrustScaleFactor.script", "status": "completed", "seconds": 40.75}
{"script": "application/samples/Navigation/Ex_Estimate_With_Initial_OrbitErrorCovariance.script", "status": "completed", "seconds": 7.14}
{"script": "application/samples/Navigation/Ex_FilterSmoother_GpsPosVec.script", "status": "completed", "seconds": 8.0}
{"script": "application/samples/Navigation/Ex_MultiSpacecraft_Simultaneous_BatchEstimation.script", "status": "completed", "seconds": 30.96}
{"script": "application/samples/Navigation/Ex_OEM_EphemerisCompare.script", "status": "completed", "seconds": 1.38}
{"script": "application/samples/Navigation/Ex_SGP4ToHighFidelity.script", "status": "completed", "seconds": 1.93}
{"script": "application/samples/Navigation/Ex_Second_Level_Data_Editing.script", "status": "completed", "seconds": 9.2}
{"script": "application/samples/Navigation/Ex_Estimate_TDRSUserTracking.script", "status": "completed", "seconds": 130.96}
{"script": "application/samples/Navigation/Ex_Simulate_and_Process_GpsPosVec_data.script", "status": "completed", "seconds": 3.39}
{"script": "application/samples/Navigation/Ex_Simulate_And_Estimate_OEMPropagator.script", "status": "completed", "seconds": 23.08}
{"script": "application/samples/Navigation/Ex_Simulate_and_Process_Range_and_RangeRate_data.script", "status": "completed", "seconds": 23.58}
{"script": "application/samples/NeedMatlab/Ex_CallMatlabFunctions.script", "status": "build_failed", "seconds": 1.09}
{"script": "application/samples/NeedMatlab/Ex_MatlabEnv.script", "status": "build_failed", "seconds": 1.08}
{"script": "application/samples/NeedSNOPT/Ex_AlgebraicOptimization.script", "status": "build_failed", "seconds": 0.98}
{"script": "application/samples/NeedSNOPT/Ex_MinFuelLunarTransfer.script", "status": "build_failed", "seconds": 1.08}
{"script": "application/samples/NeedSNOPT/Ex_OptFiniteBurn.script", "status": "build_failed", "seconds": 1.19}
{"script": "application/samples/NeedVF13ad/Ex_AlgebraicOptimization.script", "status": "build_failed", "seconds": 1.3}
{"script": "application/samples/NeedVF13ad/Ex_LunarCubeSatWithElectricPropulsion.script", "status": "build_failed", "seconds": 1.19}
{"script": "application/samples/NeedVF13ad/Ex_MarsLaunchWindowAnalysis.script", "status": "build_failed", "seconds": 1.19}
{"script": "application/samples/NeedVF13ad/Ex_MarsPatchConic.script", "status": "build_failed", "seconds": 0.99}
{"script": "application/samples/NeedVF13ad/Ex_MinFuelLunarTransfer.script", "status": "build_failed", "seconds": 0.98}
{"script": "application/samples/NeedVF13ad/Ex_MonitoredLunarTransfer.script", "status": "build_failed", "seconds": 1.13}
{"script": "application/samples/NeedVF13ad/Ex_OptimalLCROSSTrajectory.script", "status": "build_failed", "seconds": 1.13}
{"script": "application/samples/NeedVF13ad/Ex_OptimalLunarApsidesRotation_2Burn.script", "status": "build_failed", "seconds": 0.98}
{"script": "application/samples/NeedVF13ad/Tut_MultipleShootingTutorial_Step1.script", "status": "build_failed", "seconds": 1.13}
{"script": "application/samples/NeedVF13ad/Tut_MultipleShootingTutorial_Step2.script", "status": "build_failed", "seconds": 1.28}
{"script": "application/samples/NeedVF13ad/Tut_MultipleShootingTutorial_Step3.script", "status": "build_failed", "seconds": 1.04}
{"script": "application/samples/NeedVF13ad/Tut_MultipleShootingTutorial_Step4.script", "status": "build_failed", "seconds": 0.98}
{"script": "application/samples/NeedVF13ad/Tut_MultipleShootingTutorial_Step5.script", "status": "build_failed", "seconds": 1.03}
{"script": "application/samples/OptimalControl/Ex_CelestialBodyRendezvous_Mars.script", "status": "build_failed", "seconds": 1.13}
{"script": "application/samples/Navigation/Simulate_DSN_Range_then_Estimate_CartesianState_and_Cr.script", "status": "completed", "seconds": 33.08}
{"script": "application/samples/OptimalControl/Ex_EMTGSpacecraft_SCOpt_BusPowerType0.script", "status": "build_failed", "seconds": 0.93}
{"script": "application/samples/OptimalControl/Ex_EMTGSpacecraft_SCOpt_PowerSupplyCurve1.script", "status": "build_failed", "seconds": 0.98}
{"script": "application/samples/OptimalControl/Ex_EMTGSpacecraft_SCOpt_ThrustType1.script", "status": "build_failed", "seconds": 0.98}
{"script": "application/samples/OptimalControl/Ex_EarthToMarsSOI_C3Eq0_CSALTTutorial.script", "status": "build_failed", "seconds": 0.98}
{"script": "application/samples/OptimalControl/Ex_IntegratedFlyby_MarsFlyby.script", "status": "build_failed", "seconds": 1.13}
{"script": "application/samples/OptimalControl/Ex_OCPropTest_GEO_4x4.script", "status": "build_failed", "seconds": 1.18}
{"script": "application/samples/OptimalControl/Ex_PCLaunch_ConstrainedC3AndDLA_EarthLaunch_EarthOrigin.script", "status": "build_failed", "seconds": 1.23}
{"script": "application/samples/OptimalControl/Ex_Phase_Type_ImplicitRKOrder6.script", "status": "build_failed", "seconds": 1.19}
{"script": "application/samples/SupportFiles/Ex_EphemerisCompareGeneric.script", "status": "build_failed", "seconds": 1.08}
{"script": "application/samples/SupportFiles/Ex_IncludeFile.script", "status": "completed", "seconds": 1.48}
{"script": "application/samples/Tut_Inter_Spacecraft_Tracking.script", "status": "completed", "seconds": 8.25}
{"script": "application/samples/Tut_ElectricPropulsionModelling.script", "status": "completed", "seconds": 9.95}
{"script": "application/samples/Tut_Mars_B_Plane_Targeting.script", "status": "completed", "seconds": 13.61}
{"script": "application/samples/Tut_SimpleOrbitTransfer.script", "status": "completed", "seconds": 5.74}
{"script": "application/samples/Tut_Simulate_DSN_Range_and_Doppler_Data.script", "status": "completed", "seconds": 1.28}
{"script": "application/samples/Tut_Orbit_Estimation_using_DSN_Range_and_Doppler_Data.script", "status": "completed", "seconds": 44.08}
{"script": "application/samples/Tut_Simulate_DSN_Range_and_Doppler_Data_3_weeks.script", "status": "completed", "seconds": 27.45}
{"script": "application/samples/Tut_SimulatingAnOrbit.script", "status": "completed", "seconds": 3.33}
{"script": "application/samples/Tut_Target_Finite_Burn_to_Raise_Apogee.script", "status": "completed", "seconds": 8.65}
{"script": "api-interop/doc/GmatMonte/source/ExampleCode/EnterLunarOrbit.script", "status": "build_failed", "seconds": 1.51}
{"script": "api-interop/doc/GmatMonte/source/ExampleCode/MinimalLunarTransfer.script", "status": "build_failed", "seconds": 1.51}
{"script": "api-interop/doc/GmatMonte/source/ExampleCode/PropagateMonteLunarTransfer.script", "status": "build_failed", "seconds": 1.19}
{"script": "api-interop/doc/GmatMonte/source/ExampleCode/PropagateToPerilune.script", "status": "build_failed", "seconds": 1.29}
{"script": "api-interop/gmat-monte/datasharing/CovarianceShare/inputs/warmstartLEOSAT.script", "status": "build_failed", "seconds": 1.44}
{"script": "api-interop/gmat-monte/datasharing/DynamicsSharing/SimpleGmatScript.script", "status": "mission_failed", "seconds": 4.64}
{"script": "api-interop/gmat-monte/datasharing/ephemshare/LunarTransferExample/EnterLunarOrbit.script", "status": "build_failed", "seconds": 1.39}
{"script": "api-interop/gmat-monte/datasharing/ephemshare/ReadWriteBasics/readSPK.script", "status": "build_failed", "seconds": 1.5}
{"script": "api-interop/gmat-monte/datasharing/mnvrshare/lunartransfer/EnterLunarOrbit.script", "status": "build_failed", "seconds": 1.18}
{"script": "api-interop/gmat-monte/datasharing/mnvrshare/lunartransfer/FinalLunarOrbit.script", "status": "build_failed", "seconds": 1.19}
{"script": "api-interop/gmat-monte/datasharing/mnvrshare/raiseApogee/RaiseApogee.script", "status": "build_failed", "seconds": 1.49}
{"script": "application/api/Ex_R2020a_ToLuna.script", "status": "completed", "seconds": 5.3}
{"script": "application/userincludes/CreateIncludeSatA.script", "status": "completed", "seconds": 1.69}
{"script": "application/userincludes/InitializeNestedIncludeSatB.script", "status": "build_failed", "seconds": 1.19}
{"script": "doc/DevelopersDocs/UsingCInterface/Scripts/defaultConfig.script", "status": "build_failed", "seconds": 1.18}
{"script": "doc/SystemDocs/ArchitecturalSpecification/script/BasicFunction.script", "status": "completed", "seconds": 2.74}
{"script": "application/samples/Tut_UsingGMATFunctions.script", "status": "completed", "seconds": 40.09}
{"script": "doc/SystemDocs/ArchitecturalSpecification/script/Ex_Cart2KepMathTest.script", "status": "build_failed", "seconds": 1.13}
{"script": "doc/SystemDocs/ArchitecturalSpecification/script/FunctionExample.script", "status": "build_failed", "seconds": 1.19}
{"script": "doc/SystemDocs/ArchitecturalSpecification/script/FunctionSample.script", "status": "build_failed", "seconds": 1.03}
{"script": "doc/SystemDocs/ArchitecturalSpecification/script/BasicScript.script", "status": "completed", "seconds": 7.21}
{"script": "doc/SystemDocs/ArchitecturalSpecification/script/MMSFunctionExample.script", "status": "build_failed", "seconds": 0.72}
{"script": "doc/SystemDocs/ArchitecturalSpecification/script/GlobalSample.script", "status": "completed", "seconds": 3.64}
{"script": "doc/SystemDocs/EstimationSpecification/PrelimOD/BatchLeastSquares.script", "status": "build_failed", "seconds": 0.73}
{"script": "doc/SystemDocs/EstimationSpecification/PrelimOD/ExtendedKalmanFilter.script", "status": "build_failed", "seconds": 0.73}
{"script": "doc/SystemDocs/EstimationSpecification/PrelimOD/GSMeasurement.script", "status": "build_failed", "seconds": 0.73}
{"script": "doc/SystemDocs/Tools/source/API/source/userguide/examples/ToLuna.script", "status": "completed", "seconds": 3.08}
{"script": "doc/help/src/files/scripts/Ex_AlgebraicOptimization.script", "status": "build_failed", "seconds": 0.78}
{"script": "doc/help/src/files/scripts/Ex_LowEarthMinFuelTransfer.script", "status": "build_failed", "seconds": 0.78}
{"script": "doc/help/src/files/scripts/Ex_MinFuelLunarCapture.script", "status": "build_failed", "seconds": 0.78}
{"script": "doc/help/src/files/scripts/ForceModelsTutorial.script", "status": "completed", "seconds": 3.63}
{"script": "doc/help/src/files/scripts/FormationRendezvousTutorial.script", "status": "build_failed", "seconds": 0.78}
{"script": "doc/SystemDocs/ComponentDesigns/SensorAccess/source/scripts/R2020a_BasicSensors.script", "status": "completed", "seconds": 19.32}
{"script": "doc/help/src/files/scripts/LunarTransferToL2-tutorial.script", "status": "build_failed", "seconds": 0.83}
{"script": "doc/help/src/files/scripts/LunarTransferTutorial.script", "status": "build_failed", "seconds": 0.78}
{"script": "doc/help/src/files/scripts/MarsBPlaneTutorial.script", "status": "build_failed", "seconds": 0.78}
{"script": "doc/help/src/files/scripts/ReportTutorial.script", "status": "build_failed", "seconds": 0.77}
{"script": "doc/help/src/files/scripts/Tut_HohmannTransfer.script", "status": "completed", "seconds": 5.84}
{"script": "doc/help/src/files/scripts/LEOStationKeepingTutorial.script", "status": "completed", "seconds": 18.07}
{"script": "doc/help/src/files/scripts/Tut_MultipleShootingTutorial_Step1.script", "status": "build_failed", "seconds": 0.83}
{"script": "doc/help/src/files/scripts/Tut_MultipleShootingTutorial_Step2.script", "status": "build_failed", "seconds": 0.78}
{"script": "doc/help/src/files/scripts/Tut_MultipleShootingTutorial_Step3.script", "status": "build_failed", "seconds": 0.83}
{"script": "doc/help/src/files/scripts/Tut_MultipleShootingTutorial_Step4.script", "status": "build_failed", "seconds": 0.82}
{"script": "doc/help/src/files/scripts/Tut_MultipleShootingTutorial_Step5.script", "status": "build_failed", "seconds": 0.78}
{"script": "doc/help/src/files/scripts/Tut_Mars_B_Plane_Targeting.script", "status": "completed", "seconds": 7.99}
{"script": "doc/help/src/files/scripts/Tut_Target_Finite_Burn_to_Raise_Apogee.script", "status": "completed", "seconds": 4.83}
{"script": "plugins/CInterfacePlugin/matlab/GmatConfig.script", "status": "completed", "seconds": 1.18}
{"script": "plugins/TLEPropagatorPlugin/samples/NeedTlePropagator/FalconSats.script", "status": "mission_failed", "seconds": 2.68}
{"script": "doc/help/src/files/scripts/Tut_UsingGMATFunctions.script", "status": "completed", "seconds": 9.6}
{"script": "plugins/TLEPropagatorPlugin/samples/NeedTlePropagator/Falconsat7Contacts.script", "status": "mission_failed", "seconds": 2.68}
{"script": "plugins/TLEPropagatorPlugin/samples/NeedTlePropagator/Falconsat7Jupe.script", "status": "mission_failed", "seconds": 2.79}
{"script": "plugins/TLEPropagatorPlugin/samples/NeedTlePropagator/GSFCSats.script", "status": "mission_failed", "seconds": 3.29}
{"script": "plugins/TLEPropagatorPlugin/samples/NeedTlePropagator/PropLightsail2.script", "status": "completed", "seconds": 2.88}
{"script": "plugins/TLEPropagatorPlugin/test/TLE/BasicPropagation.script", "status": "completed", "seconds": 1.28}
{"script": "plugins/TLEPropagatorPlugin/test/scripts/BasicPropagation.script", "status": "completed", "seconds": 1.28}
{"script": "plugins/TLEPropagatorPlugin/test/scripts/MMS1Propagation.script", "status": "completed", "seconds": 1.23}
{"script": "plugins/TLEPropagatorPlugin/samples/NeedTlePropagator/Starlink.script", "status": "mission_failed", "seconds": 6.45}
{"script": "plugins/TLEPropagatorPlugin/test/scripts/TdrsPropagation.script", "status": "completed", "seconds": 1.23}
{"script": "plugins/TLEPropagatorPlugin/test/scripts/TerraPropagation.script", "status": "completed", "seconds": 1.23}
{"script": "prototype/Auto-NGC/ConfigurationFiles/GMAT_Objects_3DViews.script", "status": "build_failed", "seconds": 0.73}
{"script": "prototype/Auto-NGC/ConfigurationFiles/GMAT_Objects_ReportFiles.script", "status": "build_failed", "seconds": 0.72}
{"script": "prototype/Auto-NGC/ConfigurationFiles/GMAT_Objects_Propagators.script", "status": "completed", "seconds": 1.17}
{"script": "prototype/Auto-NGC/DriverScripts/Driver_RealTimeSimulator.script", "status": "build_failed", "seconds": 0.72}
{"script": "prototype/Auto-NGC/ConfigurationFiles/GMAT_Objects_Spacecraft.script", "status": "completed", "seconds": 1.23}
{"script": "prototype/CSALTMatlab/TestProblems/LISA/LISA_Sean/LISA_GMATproptest_CSALTMatlabSoln.script", "status": "build_failed", "seconds": 1.04}
{"script": "prototype/CSALTMatlab/TestProblems/AutoNGC/LunarOrbiterStationKeeping/AutoNGCLOSK_GMAT_CheckPropagation.script", "status": "completed", "seconds": 3.43}
{"script": "prototype/GroundTrackPlot/GroundTrack_Earth_GEO.script", "status": "completed", "seconds": 2.85}
{"script": "prototype/GroundTrackPlot/GroundTrack_Earth_LEO_Prograde.script", "status": "completed", "seconds": 2.63}
{"script": "prototype/GroundTrackPlot/GroundTrack_Earth_LEO_Retrograde.script", "status": "completed", "seconds": 2.64}
{"script": "prototype/OptimalControl/LowThrust/TestProblems/FiniteBurnHohmannTransfer/GMATFiniteHohmannTestScript.script", "status": "build_failed", "seconds": 0.98}
{"script": "prototype/OptimalControl/LowThrust/TestProblems/LowThrustModelling/SolarEndToEndExample.script", "status": "build_failed", "seconds": 0.88}
SWEEP COMPLETE 210 (see per-script status; this is not a blanket GUI pass)
