HELP_PATH directory does not exist: /home/dan/GIT/GMAT/GMAT/application/docs/help/
Moderator is updating data files...
Moderator is creating core engine...
Successfully set Planetary Source to use: DE405
Successfully set Planetary Source to use: DE405
Successfully set Planetary Source to use: DE405
Setting nutation file to /home/dan/GIT/GMAT/GMAT/application/data/planetary_coeff/NUTATION.DAT
Setting leap seconds file to /home/dan/GIT/GMAT/GMAT/application/data/time/tai-utc.dat
2026-09-28 13:09:36 GMAT Moderator successfully created core engine
Successfully set Planetary Source to use: DE405
Successfully set Planetary Source to use: DE405
2026-09-28 13:09:36 GMAT GUI successfully launched.

Interpreting scripts from the file.
***** file: /home/dan/GIT/GMAT/GMAT/build/linux-gui/linux-gui-tests/groundtrack-animation-baseline/animation.script
Successfully set Planetary Source to use: DE405
Successfully set Planetary Source to use: DE405
Successfully interpreted the script
PASS: build GroundTrack animation fixture
Running mission...
Successfully set Planetary Source to use: DE405
Successfully set Planetary Source to use: DE405
Kernel /home/dan/GIT/GMAT/GMAT/application/data/planetary_ephem/spk/DE405AllPlanets.bsp has been loaded.
Kernel /home/dan/GIT/GMAT/GMAT/application/data/planetary_coeff/SPICEPlanetaryConstantsKernel.tpc has been loaded.
Kernel /home/dan/GIT/GMAT/GMAT/application/data/time/SPICELeapSecondKernel.tls has been loaded.
Kernel /home/dan/GIT/GMAT/GMAT/application/data/planetary_coeff/SPICEEarthPredictedKernel.bpc has been loaded.
Kernel /home/dan/GIT/GMAT/GMAT/application/data/planetary_coeff/SPICEEarthCurrentKernel.bpc has been loaded.
Kernel /home/dan/GIT/GMAT/GMAT/application/data/planetary_coeff/earth_latest_high_prec.bpc has been loaded.
Kernel /home/dan/GIT/GMAT/GMAT/application/data/planetary_coeff/SPICELunaCurrentKernel.bpc has been loaded.
Kernel /home/dan/GIT/GMAT/GMAT/application/data/planetary_coeff/SPICELunaFrameKernel.tf has been loaded.

(GroundTrackAnimationRegression:3814298): Gtk-WARNING **: 13:09:37.336: Drawing a gadget with negative dimensions. Did you forget to allocate a size? (node header owner GtkNotebook)

(GroundTrackAnimationRegression:3814298): Gtk-WARNING **: 13:09:37.336: Drawing a gadget with negative dimensions. Did you forget to allocate a size? (node tabs owner GtkNotebook)

(GroundTrackAnimationRegression:3814298): Gtk-WARNING **: 13:09:37.336: Drawing a gadget with negative dimensions. Did you forget to allocate a size? (node arrow owner GtkNotebook)

(GroundTrackAnimationRegression:3814298): Gtk-WARNING **: 13:09:37.348: Drawing a gadget with negative dimensions. Did you forget to allocate a size? (node arrow owner GtkNotebook)

(GroundTrackAnimationRegression:3814298): Gtk-WARNING **: 13:09:37.357: Drawing a gadget with negative dimensions. Did you forget to allocate a size? (node tab owner GtkNotebook)
Using default potential file "/home/dan/GIT/GMAT/GMAT/application/data/gravity/earth/JGM2.cof" for GravityField object "GravityField.Earth"

Mission run completed.
===> Total Run Time: 0.321 seconds

========================================
PASS: GroundTrack animation mission completes
PASS: GroundTrack output exists
PASS: GroundTrack Play is enabled
FAIL: main toolbar produces multiple GroundTrack playback frames
FAIL: Stop clears GroundTrack playback state
FAIL: GroundTrack replays again after Stop
FAIL: global StopAnimation reaches GroundTrack
