
(GMAT:3752685): Gtk-WARNING **: 13:02:01.736: Drawing a gadget with negative dimensions. Did you forget to allocate a size? (node header owner GtkNotebook)

(GMAT:3752685): Gtk-WARNING **: 13:02:01.736: Drawing a gadget with negative dimensions. Did you forget to allocate a size? (node tabs owner GtkNotebook)

(GMAT:3752685): Gtk-WARNING **: 13:02:01.736: Drawing a gadget with negative dimensions. Did you forget to allocate a size? (node arrow owner GtkNotebook)

(GMAT:3752685): Gtk-WARNING **: 13:02:01.749: Drawing a gadget with negative dimensions. Did you forget to allocate a size? (node arrow owner GtkNotebook)

(GMAT:3752685): Gtk-WARNING **: 13:02:01.758: Drawing a gadget with negative dimensions. Did you forget to allocate a size? (node tab owner GtkNotebook)
HELP_PATH directory does not exist: /home/dan/GIT/GMAT/GMAT/application/docs/help/
Moderator is updating data files...
Moderator is creating core engine...
Successfully set Planetary Source to use: DE405
Successfully set Planetary Source to use: DE405
Successfully set Planetary Source to use: DE405
Setting nutation file to /home/dan/GIT/GMAT/GMAT/application/data/planetary_coeff/NUTATION.DAT
Setting leap seconds file to /home/dan/GIT/GMAT/GMAT/application/data/time/tai-utc.dat
2026-09-28 13:02:01 GMAT Moderator successfully created core engine
Successfully set Planetary Source to use: DE405
Successfully set Planetary Source to use: DE405
2026-09-28 13:02:01 GMAT GUI successfully launched.

Interpreting scripts from the file.
***** file: /home/dan/GIT/GMAT/GMAT/build/linux-gui/linux-gui-tests/groundtrack-state/separate-spacecraft.script
Successfully set Planetary Source to use: DE405
Successfully set Planetary Source to use: DE405
Successfully interpreted the script
Running mission...
Successfully set Planetary Source to use: DE405
Successfully set Planetary Source to use: DE405
Kernel /home/dan/GIT/GMAT/GMAT/application/data/planetary_ephem/spk/DE405AllPlanets.bsp has been loaded.
Kernel /home/dan/GIT/GMAT/GMAT/application/data/planetary_coeff/SPICEPlanetaryConstantsKernel.tpc has been loaded.
Kernel /home/dan/GIT/GMAT/GMAT/application/data/time/SPICELeapSecondKernel.tls has been loaded.
Kernel /home/dan/GIT/GMAT/GMAT/application/data/planetary_coeff/SPICEEarthPredictedKernel.bpc has been loaded.
Kernel /home/dan/GIT/GMAT/GMAT/application/data/planetary_coeff/SPICEEarthCurrentKernel.bpc has been loaded.
Kernel /home/dan/GIT/GMAT/GMAT/application/data/planetary_coeff/earth_latest_high_prec.bpc has been loaded.
Kernel /home/dan/GIT/GMAT/GMAT/application/data/planetary_coeff/SPICELunaCurrentKernel.bpc has been loaded.
Kernel /home/dan/GIT/GMAT/GMAT/application/data/planetary_coeff/SPICELunaFrameKernel.tf has been loaded.
Using default potential file "/home/dan/GIT/GMAT/GMAT/application/data/gravity/earth/JGM2.cof" for GravityField object "GravityField.Earth"

Mission run completed.
===> Total Run Time: 0.300 seconds

========================================
